  proiect2.cpp
C:\Users\ioana\Desktop\Unibuc\POO\New folder\proiect2.cpp(71,25): warning C4244: 'argument': conversion from 'time_t' to 'unsigned int', possible loss of data
C:\Users\ioana\Desktop\Unibuc\POO\New folder\proiect2.cpp(230,80): warning C4244: 'argument': conversion from 'float' to 'int', possible loss of data
C:\Users\ioana\Desktop\Unibuc\POO\New folder\proiect2.cpp(230,65): warning C4244: 'argument': conversion from 'float' to 'int', possible loss of data
C:\Users\ioana\Desktop\Unibuc\POO\New folder\proiect2.cpp(230,54): warning C4244: 'argument': conversion from 'float' to 'int', possible loss of data
C:\Users\ioana\Desktop\Unibuc\POO\New folder\proiect2.cpp(230,43): warning C4244: 'argument': conversion from 'float' to 'int', possible loss of data
C:\Users\ioana\Desktop\Unibuc\POO\New folder\proiect2.cpp(231,71): warning C4244: 'argument': conversion from 'float' to 'int', possible loss of data
C:\Users\ioana\Desktop\Unibuc\POO\New folder\proiect2.cpp(231,56): warning C4244: 'argument': conversion from 'float' to 'int', possible loss of data
C:\Users\ioana\Desktop\Unibuc\POO\New folder\proiect2.cpp(680,53): warning C4244: 'argument': conversion from 'float' to 'int', possible loss of data
C:\Users\ioana\Desktop\Unibuc\POO\New folder\proiect2.cpp(680,44): warning C4244: 'argument': conversion from 'float' to 'int', possible loss of data
C:\Users\ioana\Desktop\Unibuc\POO\New folder\proiect2.cpp(681,53): warning C4244: 'argument': conversion from 'float' to 'int', possible loss of data
C:\Users\ioana\Desktop\Unibuc\POO\New folder\proiect2.cpp(681,44): warning C4244: 'argument': conversion from 'float' to 'int', possible loss of data
C:\Users\ioana\Desktop\Unibuc\POO\New folder\proiect2.cpp(682,53): warning C4244: 'argument': conversion from 'float' to 'int', possible loss of data
C:\Users\ioana\Desktop\Unibuc\POO\New folder\proiect2.cpp(682,44): warning C4244: 'argument': conversion from 'float' to 'int', possible loss of data
C:\Users\ioana\Desktop\Unibuc\POO\New folder\proiect2.cpp(683,53): warning C4244: 'argument': conversion from 'float' to 'int', possible loss of data
C:\Users\ioana\Desktop\Unibuc\POO\New folder\proiect2.cpp(683,44): warning C4244: 'argument': conversion from 'float' to 'int', possible loss of data
C:\Users\ioana\Desktop\Unibuc\POO\New folder\proiect2.cpp(714,67): warning C4244: 'argument': conversion from 'float' to 'int', possible loss of data
C:\Users\ioana\Desktop\Unibuc\POO\New folder\proiect2.cpp(714,57): warning C4244: 'argument': conversion from 'float' to 'int', possible loss of data
C:\Users\ioana\Desktop\Unibuc\POO\New folder\proiect2.cpp(719,77): warning C4244: 'argument': conversion from 'float' to 'int', possible loss of data
C:\Users\ioana\Desktop\Unibuc\POO\New folder\proiect2.cpp(719,65): warning C4244: 'argument': conversion from 'float' to 'int', possible loss of data
C:\Users\ioana\Desktop\Unibuc\POO\New folder\proiect2.cpp(472,21): warning C4996: 'strcpy': This function or variable may be unsafe. Consider using strcpy_s instead. To disable deprecation, use _CRT_SECURE_NO_WARNINGS. See online help for details.
C:\Users\ioana\Desktop\Unibuc\POO\New folder\proiect2.cpp(473,21): warning C4996: 'strcat': This function or variable may be unsafe. Consider using strcat_s instead. To disable deprecation, use _CRT_SECURE_NO_WARNINGS. See online help for details.
C:\Users\ioana\Desktop\Unibuc\POO\New folder\proiect2.cpp(725,25): warning C4996: 'strcpy': This function or variable may be unsafe. Consider using strcpy_s instead. To disable deprecation, use _CRT_SECURE_NO_WARNINGS. See online help for details.
C:\Users\ioana\Desktop\Unibuc\POO\New folder\proiect2.cpp(728,29): warning C4996: 'strcat': This function or variable may be unsafe. Consider using strcat_s instead. To disable deprecation, use _CRT_SECURE_NO_WARNINGS. See online help for details.
C:\Users\ioana\Desktop\Unibuc\POO\New folder\proiect2.cpp(752,25): warning C4996: 'strcpy': This function or variable may be unsafe. Consider using strcpy_s instead. To disable deprecation, use _CRT_SECURE_NO_WARNINGS. See online help for details.
C:\Users\ioana\Desktop\Unibuc\POO\New folder\proiect2.cpp(753,25): warning C4996: 'strcat': This function or variable may be unsafe. Consider using strcat_s instead. To disable deprecation, use _CRT_SECURE_NO_WARNINGS. See online help for details.
  proiect.vcxproj -> C:\Users\ioana\Desktop\Unibuc\POO\New folder\x64\Debug\proiect.exe
  'pwsh.exe' is not recognized as an internal or external command,
  operable program or batch file.
